[2026/05/13 23:03:25.19] Already running, skip
[2026/05/13 23:03:45.78] Starting issue_bot
[2026/05/13 23:05:55.44] Starting issue_bot
[2026-05-13 23:05:55] [INFO    ] discord.client: logging in using static token
[2026-05-13 23:05:56] [INFO    ] discord.gateway: Shard ID None has connected to Gateway (Session ID: 1189d6f8a257b91f1b999b7fdd577863).
^C
[2026/05/13 23:14:56.69] start_issue_bot: launching inner bat
[2026/05/13 23:14:56.70] ROOT=C:\Users\yhach\Documents\tradebotfile
[2026/05/13 23:14:56.70] LOG=C:\Users\yhach\Documents\tradebotfile\logs\runtime\issue_bot_20260513.log

=== run_issue_bot_inner 2026/05/13 23:14:56.90 ===
ROOT=C:\Users\yhach\Documents\tradebotfile
LOG=C:\Users\yhach\Documents\tradebotfile\logs\runtime\issue_bot_20260513.log
where python:
C:\Users\yhach\AppData\Local\Programs\Python\Python314\python.exe
C:\Users\yhach\AppData\Local\Microsoft\WindowsApps\python.exe
python --version:
Python 3.14.3
CD=C:\Users\yhach\Documents\tradebotfile
CMD=python .\discord_issue_bot\discord_issue_bot.py
========================================
[2026-05-13 23:14:57] [INFO    ] discord.client: logging in using static token
[2026-05-13 23:14:58] [INFO    ] discord.gateway: Shard ID None has connected to Gateway (Session ID: 542915d9d166b2b3ca1cdd7579bb27fd).
